/file/set-tui-version "19.2"
(cx-gui-do cx-activate-item "MenuBar*ReadSubMenu*Data...")

(cx-gui-do cx-set-file-dialog-entries "Select File" '( "J:/RESULTS/bin3_0.01_results/AUTOSAVE0425_0.01-4-30000.dat") "Data Files (*.dat*)")
(cx-gui-do cx-activate-item "Ribbon*Frame1*Frame4(User Defined)*Table1*Table3(User Defined)*PushButton1(Functions)")
(cx-gui-do cx-activate-item "MenuBar*PopupMenuFunctions*Manage...")
(cx-gui-do cx-set-list-selections "UDF Library Manager*Table1*List1(UDF Libraries)" '( 0))
(cx-gui-do cx-activate-item "UDF Library Manager*Table1*List1(UDF Libraries)")
(cx-gui-do cx-activate-item "UDF Library Manager*PanelButtons*PushButton4(Unload)")
(cx-gui-do cx-activate-item "UDF Library Manager*PanelButtons*PushButton2(Cancel)")
(cx-gui-do cx-activate-item "Ribbon*Frame1*Frame4(User Defined)*Table1*Table3(User Defined)*PushButton1(Functions)")
(cx-gui-do cx-activate-item "MenuBar*PopupMenuFunctions*Compiled...")
(cx-gui-do cx-set-list-selections "Compiled UDFs*Table1*Frame1*List1(Source Files)" '( 0))
(cx-gui-do cx-activate-item "Compiled UDFs*Table1*Frame1*List1(Source Files)")
(cx-gui-do cx-activate-item "Compiled UDFs*Table1*Frame1*Frame2*PushButton2( Delete)")
(cx-gui-do cx-activate-item "Compiled UDFs*Table1*Frame1*Frame2*PushButton1( Add)")
(cx-gui-do cx-set-file-dialog-entries "Select File" '( "J:/RESULTS/bin3_0.01_results/data/data_get_results_LYJ.c") "Source Files (*.c *.cpp )")
(cx-gui-do cx-activate-item "Compiled UDFs*Frame8*PushButton2(Build)")
(cx-gui-do cx-activate-item "Question*OK")
(cx-gui-do cx-activate-item "Compiled UDFs*PanelButtons*PushButton1(OK)")
(cx-gui-do cx-activate-item "Ribbon*Frame1*Frame4(User Defined)*Table1*Table3(User Defined)*PushButton3(Execute on Demand)")
(cx-gui-do cx-set-list-selections "Execute on Demand*DropDownList1(Execute on Demand)" '( 1))
(cx-gui-do cx-activate-item "Execute on Demand*DropDownList1(Execute on Demand)")
(cx-gui-do cx-activate-item "Execute on Demand*PanelButtons*PushButton1(OK)")
(cx-gui-do cx-activate-item "Execute on Demand*PanelButtons*PushButton2(Cancel)")
(cx-gui-do cx-activate-item "MenuBar*ReadSubMenu*Data...")
(cx-gui-do cx-activate-item "Question*OK")
(cx-gui-do cx-set-file-dialog-entries "Select File" '( "J:/RESULTS/bin3_0.01_results/AUTOSAVE0425_0.01-4-40000.dat") "Data Files (*.dat*)")
(cx-gui-do cx-activate-item "Ribbon*Frame1*Frame4(User Defined)*Table1*Table3(User Defined)*PushButton1(Functions)")
(cx-gui-do cx-activate-item "MenuBar*PopupMenuFunctions*Manage...")
(cx-gui-do cx-set-list-selections "UDF Library Manager*Table1*List1(UDF Libraries)" '( 0))
(cx-gui-do cx-activate-item "UDF Library Manager*Table1*List1(UDF Libraries)")
(cx-gui-do cx-activate-item "UDF Library Manager*PanelButtons*PushButton4(Unload)")
(cx-gui-do cx-activate-item "UDF Library Manager*PanelButtons*PushButton2(Cancel)")
(cx-gui-do cx-activate-item "Ribbon*Frame1*Frame4(User Defined)*Table1*Table3(User Defined)*PushButton1(Functions)")
(cx-gui-do cx-activate-item "MenuBar*PopupMenuFunctions*Compiled...")
(cx-gui-do cx-set-list-selections "Compiled UDFs*Table1*Frame1*List1(Source Files)" '( 0))
(cx-gui-do cx-activate-item "Compiled UDFs*Table1*Frame1*List1(Source Files)")
(cx-gui-do cx-activate-item "Compiled UDFs*Table1*Frame1*Frame2*PushButton2( Delete)")
(cx-gui-do cx-activate-item "Compiled UDFs*Table1*Frame1*Frame2*PushButton1( Add)")
(cx-gui-do cx-set-file-dialog-entries "Select File" '( "J:/RESULTS/bin3_0.01_results/data/data_get_results_LYJ.c") "Source Files (*.c *.cpp )")
(cx-gui-do cx-activate-item "Compiled UDFs*Frame8*PushButton2(Build)")
(cx-gui-do cx-activate-item "Question*OK")
(cx-gui-do cx-activate-item "Compiled UDFs*PanelButtons*PushButton1(OK)")
(cx-gui-do cx-activate-item "Ribbon*Frame1*Frame4(User Defined)*Table1*Table3(User Defined)*PushButton3(Execute on Demand)")
(cx-gui-do cx-set-list-selections "Execute on Demand*DropDownList1(Execute on Demand)" '( 1))
(cx-gui-do cx-activate-item "Execute on Demand*DropDownList1(Execute on Demand)")
(cx-gui-do cx-activate-item "Execute on Demand*PanelButtons*PushButton1(OK)")
(cx-gui-do cx-activate-item "Execute on Demand*PanelButtons*PushButton2(Cancel)")
(cx-gui-do cx-activate-item "MenuBar*ReadSubMenu*Data...")
(cx-gui-do cx-activate-item "Question*OK")
(cx-gui-do cx-set-file-dialog-entries "Select File" '( "J:/RESULTS/bin3_0.01_results/AUTOSAVE0425_0.01-4-50000.dat") "Data Files (*.dat*)")
(cx-gui-do cx-activate-item "Ribbon*Frame1*Frame4(User Defined)*Table1*Table3(User Defined)*PushButton1(Functions)")
(cx-gui-do cx-activate-item "MenuBar*PopupMenuFunctions*Manage...")
(cx-gui-do cx-set-list-selections "UDF Library Manager*Table1*List1(UDF Libraries)" '( 0))
(cx-gui-do cx-activate-item "UDF Library Manager*Table1*List1(UDF Libraries)")
(cx-gui-do cx-activate-item "UDF Library Manager*PanelButtons*PushButton4(Unload)")
(cx-gui-do cx-activate-item "UDF Library Manager*PanelButtons*PushButton2(Cancel)")
(cx-gui-do cx-activate-item "Ribbon*Frame1*Frame4(User Defined)*Table1*Table3(User Defined)*PushButton1(Functions)")
(cx-gui-do cx-activate-item "MenuBar*PopupMenuFunctions*Compiled...")
(cx-gui-do cx-set-list-selections "Compiled UDFs*Table1*Frame1*List1(Source Files)" '( 0))
(cx-gui-do cx-activate-item "Compiled UDFs*Table1*Frame1*List1(Source Files)")
(cx-gui-do cx-activate-item "Compiled UDFs*Table1*Frame1*Frame2*PushButton2( Delete)")
(cx-gui-do cx-activate-item "Compiled UDFs*Table1*Frame1*Frame2*PushButton1( Add)")
(cx-gui-do cx-set-file-dialog-entries "Select File" '( "J:/RESULTS/bin3_0.01_results/data/data_get_results_LYJ.c") "Source Files (*.c *.cpp )")
(cx-gui-do cx-activate-item "Compiled UDFs*Frame8*PushButton2(Build)")
(cx-gui-do cx-activate-item "Question*OK")
(cx-gui-do cx-activate-item "Compiled UDFs*PanelButtons*PushButton1(OK)")
(cx-gui-do cx-activate-item "Ribbon*Frame1*Frame4(User Defined)*Table1*Table3(User Defined)*PushButton3(Execute on Demand)")
(cx-gui-do cx-set-list-selections "Execute on Demand*DropDownList1(Execute on Demand)" '( 1))
(cx-gui-do cx-activate-item "Execute on Demand*DropDownList1(Execute on Demand)")
(cx-gui-do cx-activate-item "Execute on Demand*PanelButtons*PushButton1(OK)")
(cx-gui-do cx-activate-item "Execute on Demand*PanelButtons*PushButton2(Cancel)")
(cx-gui-do cx-activate-item "MenuBar*ReadSubMenu*Data...")
(cx-gui-do cx-activate-item "Question*OK")
(cx-gui-do cx-set-file-dialog-entries "Select File" '( "J:/RESULTS/bin3_0.01_results/AUTOSAVE0425_0.01-4-60000.dat") "Data Files (*.dat*)")
(cx-gui-do cx-activate-item "Ribbon*Frame1*Frame4(User Defined)*Table1*Table3(User Defined)*PushButton1(Functions)")
(cx-gui-do cx-activate-item "MenuBar*PopupMenuFunctions*Manage...")
(cx-gui-do cx-set-list-selections "UDF Library Manager*Table1*List1(UDF Libraries)" '( 0))
(cx-gui-do cx-activate-item "UDF Library Manager*Table1*List1(UDF Libraries)")
(cx-gui-do cx-activate-item "UDF Library Manager*PanelButtons*PushButton4(Unload)")
(cx-gui-do cx-activate-item "UDF Library Manager*PanelButtons*PushButton2(Cancel)")
(cx-gui-do cx-activate-item "Ribbon*Frame1*Frame4(User Defined)*Table1*Table3(User Defined)*PushButton1(Functions)")
(cx-gui-do cx-activate-item "MenuBar*PopupMenuFunctions*Compiled...")
(cx-gui-do cx-set-list-selections "Compiled UDFs*Table1*Frame1*List1(Source Files)" '( 0))
(cx-gui-do cx-activate-item "Compiled UDFs*Table1*Frame1*List1(Source Files)")
(cx-gui-do cx-activate-item "Compiled UDFs*Table1*Frame1*Frame2*PushButton2( Delete)")
(cx-gui-do cx-activate-item "Compiled UDFs*Table1*Frame1*Frame2*PushButton1( Add)")
(cx-gui-do cx-set-file-dialog-entries "Select File" '( "J:/RESULTS/bin3_0.01_results/data/data_get_results_LYJ.c") "Source Files (*.c *.cpp )")
(cx-gui-do cx-activate-item "Compiled UDFs*Frame8*PushButton2(Build)")
(cx-gui-do cx-activate-item "Question*OK")
(cx-gui-do cx-activate-item "Compiled UDFs*PanelButtons*PushButton1(OK)")
(cx-gui-do cx-activate-item "Ribbon*Frame1*Frame4(User Defined)*Table1*Table3(User Defined)*PushButton3(Execute on Demand)")
(cx-gui-do cx-set-list-selections "Execute on Demand*DropDownList1(Execute on Demand)" '( 1))
(cx-gui-do cx-activate-item "Execute on Demand*DropDownList1(Execute on Demand)")
(cx-gui-do cx-activate-item "Execute on Demand*PanelButtons*PushButton1(OK)")
(cx-gui-do cx-activate-item "Execute on Demand*PanelButtons*PushButton2(Cancel)")
(cx-gui-do cx-activate-item "MenuBar*ReadSubMenu*Data...")
(cx-gui-do cx-activate-item "Question*OK")
(cx-gui-do cx-set-file-dialog-entries "Select File" '( "J:/RESULTS/bin3_0.01_results/AUTOSAVE0425_0.01-4-70000.dat") "Data Files (*.dat*)")
(cx-gui-do cx-activate-item "Ribbon*Frame1*Frame4(User Defined)*Table1*Table3(User Defined)*PushButton1(Functions)")
(cx-gui-do cx-activate-item "MenuBar*PopupMenuFunctions*Manage...")
(cx-gui-do cx-set-list-selections "UDF Library Manager*Table1*List1(UDF Libraries)" '( 0))
(cx-gui-do cx-activate-item "UDF Library Manager*Table1*List1(UDF Libraries)")
(cx-gui-do cx-activate-item "UDF Library Manager*PanelButtons*PushButton4(Unload)")
(cx-gui-do cx-activate-item "UDF Library Manager*PanelButtons*PushButton2(Cancel)")
(cx-gui-do cx-activate-item "Ribbon*Frame1*Frame4(User Defined)*Table1*Table3(User Defined)*PushButton1(Functions)")
(cx-gui-do cx-activate-item "MenuBar*PopupMenuFunctions*Compiled...")
(cx-gui-do cx-set-list-selections "Compiled UDFs*Table1*Frame1*List1(Source Files)" '( 0))
(cx-gui-do cx-activate-item "Compiled UDFs*Table1*Frame1*List1(Source Files)")
(cx-gui-do cx-activate-item "Compiled UDFs*Table1*Frame1*Frame2*PushButton2( Delete)")
(cx-gui-do cx-activate-item "Compiled UDFs*Table1*Frame1*Frame2*PushButton1( Add)")
(cx-gui-do cx-set-file-dialog-entries "Select File" '( "J:/RESULTS/bin3_0.01_results/data/data_get_results_LYJ.c") "Source Files (*.c *.cpp )")
(cx-gui-do cx-activate-item "Compiled UDFs*Frame8*PushButton2(Build)")
(cx-gui-do cx-activate-item "Question*OK")
(cx-gui-do cx-activate-item "Compiled UDFs*PanelButtons*PushButton1(OK)")
(cx-gui-do cx-activate-item "Ribbon*Frame1*Frame4(User Defined)*Table1*Table3(User Defined)*PushButton3(Execute on Demand)")
(cx-gui-do cx-set-list-selections "Execute on Demand*DropDownList1(Execute on Demand)" '( 1))
(cx-gui-do cx-activate-item "Execute on Demand*DropDownList1(Execute on Demand)")
(cx-gui-do cx-activate-item "Execute on Demand*PanelButtons*PushButton1(OK)")
(cx-gui-do cx-activate-item "Execute on Demand*PanelButtons*PushButton2(Cancel)")
(cx-gui-do cx-activate-item "MenuBar*ReadSubMenu*Data...")
(cx-gui-do cx-activate-item "Question*OK")
(cx-gui-do cx-set-file-dialog-entries "Select File" '( "J:/RESULTS/bin3_0.01_results/AUTOSAVE0425_0.01-4-80000.dat") "Data Files (*.dat*)")
(cx-gui-do cx-activate-item "Ribbon*Frame1*Frame4(User Defined)*Table1*Table3(User Defined)*PushButton1(Functions)")
(cx-gui-do cx-activate-item "MenuBar*PopupMenuFunctions*Manage...")
(cx-gui-do cx-set-list-selections "UDF Library Manager*Table1*List1(UDF Libraries)" '( 0))
(cx-gui-do cx-activate-item "UDF Library Manager*Table1*List1(UDF Libraries)")
(cx-gui-do cx-activate-item "UDF Library Manager*PanelButtons*PushButton4(Unload)")
(cx-gui-do cx-activate-item "UDF Library Manager*PanelButtons*PushButton2(Cancel)")
(cx-gui-do cx-activate-item "Ribbon*Frame1*Frame4(User Defined)*Table1*Table3(User Defined)*PushButton1(Functions)")
(cx-gui-do cx-activate-item "MenuBar*PopupMenuFunctions*Compiled...")
(cx-gui-do cx-set-list-selections "Compiled UDFs*Table1*Frame1*List1(Source Files)" '( 0))
(cx-gui-do cx-activate-item "Compiled UDFs*Table1*Frame1*List1(Source Files)")
(cx-gui-do cx-activate-item "Compiled UDFs*Table1*Frame1*Frame2*PushButton2( Delete)")
(cx-gui-do cx-activate-item "Compiled UDFs*Table1*Frame1*Frame2*PushButton1( Add)")
(cx-gui-do cx-set-file-dialog-entries "Select File" '( "J:/RESULTS/bin3_0.01_results/data/data_get_results_LYJ.c") "Source Files (*.c *.cpp )")
(cx-gui-do cx-activate-item "Compiled UDFs*Frame8*PushButton2(Build)")
(cx-gui-do cx-activate-item "Question*OK")
(cx-gui-do cx-activate-item "Compiled UDFs*PanelButtons*PushButton1(OK)")
(cx-gui-do cx-activate-item "Ribbon*Frame1*Frame4(User Defined)*Table1*Table3(User Defined)*PushButton3(Execute on Demand)")
(cx-gui-do cx-set-list-selections "Execute on Demand*DropDownList1(Execute on Demand)" '( 1))
(cx-gui-do cx-activate-item "Execute on Demand*DropDownList1(Execute on Demand)")
(cx-gui-do cx-activate-item "Execute on Demand*PanelButtons*PushButton1(OK)")
(cx-gui-do cx-activate-item "Execute on Demand*PanelButtons*PushButton2(Cancel)")
(cx-gui-do cx-activate-item "MenuBar*WriteSubMenu*Stop Journal")
